[
  "foo"
  "bar"
  "baz"
  T
  F
  null
  {
    key:"value"
  }
  [
    null
    null
    null
    [
    ]
  ]
  "
\"
]
