[
  1.200000e-04
  6.000000e-06
  6.000000e-06
  1.000000e-06
  1.000000e-06
]
