[
  1.000000e+01
  1.000000e+01
  3.141569e+00
  1.000000e+03
]
