{
  boolean, true:T
  boolean, false:F
  null:null
}
