[
  "
 foo / bar \ï¿¿	"\ and you can't escape thi\s"
]
