[
  "
 foo / bar \ï¿¿	"\"
  ""and this string has an escape at the beginning"
  "and this string has no escapes"
]
