"la di dah.  this is a string, and I can do this, 
, but not this
"
